ARM Linker, 5.03 [Build 76] [MDK-ARM Lite]

==============================================================================

Section Cross References

    startup_lpc17xx.o(STACK) refers (Special) to heapauxi.o(.text) for __use_two_region_memory
    startup_lpc17xx.o(HEAP) refers (Special) to heapauxi.o(.text) for __use_two_region_memory
    startup_lpc17xx.o(RESET) refers (Special) to heapauxi.o(.text) for __use_two_region_memory
    startup_lpc17xx.o(RESET) refers to startup_lpc17xx.o(STACK) for __initial_sp
    startup_lpc17xx.o(RESET) refers to startup_lpc17xx.o(.text) for Reset_Handler
    startup_lpc17xx.o(RESET) refers to irq_timer.o(.text) for TIMER0_IRQHandler
    startup_lpc17xx.o(RESET) refers to irq_button.o(.text) for EINT0_IRQHandler
    startup_lpc17xx.o(RESET) refers to irq_rit.o(.text) for RIT_IRQHandler
    startup_lpc17xx.o(.ARM.__at_0x02FC) refers (Special) to heapauxi.o(.text) for __use_two_region_memory
    startup_lpc17xx.o(.text) refers (Special) to heapauxi.o(.text) for __use_two_region_memory
    startup_lpc17xx.o(.text) refers to __main.o(!!!main) for __main
    startup_lpc17xx.o(.text) refers to startup_lpc17xx.o(HEAP) for Heap_Mem
    startup_lpc17xx.o(.text) refers to startup_lpc17xx.o(STACK) for Stack_Mem
    sample.o(.text) refers to system_lpc17xx.o(.text) for SystemInit
    sample.o(.text) refers to lib_led.o(.text) for LED_init
    sample.o(.text) refers to lib_button.o(.text) for BUTTON_init
    sample.o(.text) refers to lib_joystick.o(.text) for joystick_init
    sample.o(.text) refers to lib_rit.o(.text) for init_RIT
    sample.o(.text) refers to lib_timer.o(.text) for init_timer
    system_lpc17xx.o(.text) refers to system_lpc17xx.o(.data) for SystemFrequency
    funct_led.o(.text) refers to funct_led.o(.constdata) for led_mask
    funct_led.o(.text) refers to lib_led.o(.data) for led_value
    lib_led.o(.text) refers to lib_led.o(.data) for led_value
    irq_button.o(.text) refers to irq_rit.o(.data) for down
    irq_rit.o(.text) refers to lib_timer.o(.text) for disable_timer
    irq_rit.o(.text) refers to overflow.o(asm_func) for overflow
    irq_rit.o(.text) refers to funct_led.o(.text) for LED_On
    irq_rit.o(.text) refers to irq_rit.o(.data) for select
    irq_rit.o(.text) refers to irq_rit.o(.bss) for v
    funct_joystick.o(.text) refers to funct_led.o(.text) for LED_Out
    __main.o(!!!main) refers to rtentry.o(.ARM.Collect$$rtentry$$00000000) for __rt_entry
    rtentry.o(.ARM.Collect$$rtentry$$00000000) refers (Special) to rtentry2.o(.ARM.Collect$$rtentry$$0000000A) for __rt_entry_li
    rtentry.o(.ARM.Collect$$rtentry$$00000000) refers (Special) to rtentry2.o(.ARM.Collect$$rtentry$$0000000D) for __rt_entry_main
    rtentry.o(.ARM.Collect$$rtentry$$00000000) refers (Special) to rtentry2.o(.ARM.Collect$$rtentry$$0000000C) for __rt_entry_postli_1
    rtentry.o(.ARM.Collect$$rtentry$$00000000) refers (Special) to rtentry2.o(.ARM.Collect$$rtentry$$00000009) for __rt_entry_postsh_1
    rtentry.o(.ARM.Collect$$rtentry$$00000000) refers (Special) to rtentry2.o(.ARM.Collect$$rtentry$$00000002) for __rt_entry_presh_1
    rtentry.o(.ARM.Collect$$rtentry$$00000000) refers (Special) to rtentry4.o(.ARM.Collect$$rtentry$$00000004) for __rt_entry_sh
    rtentry2.o(.ARM.Collect$$rtentry$$00000008) refers to boardinit2.o(.text) for _platform_post_stackheap_init
    rtentry2.o(.ARM.Collect$$rtentry$$0000000A) refers to libinit.o(.ARM.Collect$$libinit$$00000000) for __rt_lib_init
    rtentry2.o(.ARM.Collect$$rtentry$$0000000B) refers to boardinit3.o(.text) for _platform_post_lib_init
    rtentry2.o(.ARM.Collect$$rtentry$$0000000D) refers to sample.o(.text) for main
    rtentry2.o(.ARM.Collect$$rtentry$$0000000D) refers to exit.o(.text) for exit
    rtentry2.o(.ARM.exidx) refers to rtentry2.o(.ARM.Collect$$rtentry$$00000001) for .ARM.Collect$$rtentry$$00000001
    rtentry2.o(.ARM.exidx) refers to rtentry2.o(.ARM.Collect$$rtentry$$00000008) for .ARM.Collect$$rtentry$$00000008
    rtentry2.o(.ARM.exidx) refers to rtentry2.o(.ARM.Collect$$rtentry$$0000000A) for .ARM.Collect$$rtentry$$0000000A
    rtentry2.o(.ARM.exidx) refers to rtentry2.o(.ARM.Collect$$rtentry$$0000000B) for .ARM.Collect$$rtentry$$0000000B
    rtentry2.o(.ARM.exidx) refers to rtentry2.o(.ARM.Collect$$rtentry$$0000000D) for .ARM.Collect$$rtentry$$0000000D
    rtentry4.o(.ARM.Collect$$rtentry$$00000004) refers to sys_stackheap_outer.o(.text) for __user_setup_stackheap
    rtentry4.o(.ARM.exidx) refers to rtentry4.o(.ARM.Collect$$rtentry$$00000004) for .ARM.Collect$$rtentry$$00000004
    sys_stackheap_outer.o(.text) refers to libspace.o(.text) for __user_perproc_libspace
    sys_stackheap_outer.o(.text) refers to startup_lpc17xx.o(.text) for __user_initial_stackheap
    exit.o(.text) refers to rtexit.o(.ARM.Collect$$rtexit$$00000000) for __rt_exit
    libinit.o(.ARM.Collect$$libinit$$00000000) refers (Special) to libinit2.o(.ARM.Collect$$libinit$$0000002C) for __rt_lib_init_alloca_1
    libinit.o(.ARM.Collect$$libinit$$00000000) refers (Special) to libinit2.o(.ARM.Collect$$libinit$$0000002A) for __rt_lib_init_argv_1
    libinit.o(.ARM.Collect$$libinit$$00000000) refers (Special) to libinit2.o(.ARM.Collect$$libinit$$00000019) for __rt_lib_init_atexit_1
    libinit.o(.ARM.Collect$$libinit$$00000000) refers (Special) to libinit2.o(.ARM.Collect$$libinit$$0000001F) for __rt_lib_init_clock_1
    libinit.o(.ARM.Collect$$libinit$$00000000) refers (Special) to libinit2.o(.ARM.Collect$$libinit$$00000030) for __rt_lib_init_cpp_1
    libinit.o(.ARM.Collect$$libinit$$00000000) refers (Special) to libinit2.o(.ARM.Collect$$libinit$$0000002E) for __rt_lib_init_exceptions_1
    libinit.o(.ARM.Collect$$libinit$$00000000) refers (Special) to libinit2.o(.ARM.Collect$$libinit$$00000002) for __rt_lib_init_fp_1
    libinit.o(.ARM.Collect$$libinit$$00000000) refers (Special) to libinit2.o(.ARM.Collect$$libinit$$0000001D) for __rt_lib_init_fp_trap_1
    libinit.o(.ARM.Collect$$libinit$$00000000) refers (Special) to libinit2.o(.ARM.Collect$$libinit$$00000021) for __rt_lib_init_getenv_1
    libinit.o(.ARM.Collect$$libinit$$00000000) refers (Special) to libinit2.o(.ARM.Collect$$libinit$$00000008) for __rt_lib_init_heap_1
    libinit.o(.ARM.Collect$$libinit$$00000000) refers (Special) to libinit2.o(.ARM.Collect$$libinit$$0000000F) for __rt_lib_init_lc_collate_1
    libinit.o(.ARM.Collect$$libinit$$00000000) refers (Special) to libinit2.o(.ARM.Collect$$libinit$$00000011) for __rt_lib_init_lc_ctype_1
    libinit.o(.ARM.Collect$$libinit$$00000000) refers (Special) to libinit2.o(.ARM.Collect$$libinit$$00000013) for __rt_lib_init_lc_monetary_1
    libinit.o(.ARM.Collect$$libinit$$00000000) refers (Special) to libinit2.o(.ARM.Collect$$libinit$$00000015) for __rt_lib_init_lc_numeric_1
    libinit.o(.ARM.Collect$$libinit$$00000000) refers (Special) to libinit2.o(.ARM.Collect$$libinit$$00000017) for __rt_lib_init_lc_time_1
    libinit.o(.ARM.Collect$$libinit$$00000000) refers (Special) to libinit2.o(.ARM.Collect$$libinit$$0000000C) for __rt_lib_init_rand_1
    libinit.o(.ARM.Collect$$libinit$$00000000) refers (Special) to libinit2.o(.ARM.Collect$$libinit$$00000031) for __rt_lib_init_return
    libinit.o(.ARM.Collect$$libinit$$00000000) refers (Special) to libinit2.o(.ARM.Collect$$libinit$$0000001B) for __rt_lib_init_signal_1
    libinit.o(.ARM.Collect$$libinit$$00000000) refers (Special) to libinit2.o(.ARM.Collect$$libinit$$00000023) for __rt_lib_init_stdio_1
    libinit.o(.ARM.Collect$$libinit$$00000000) refers (Special) to libinit2.o(.ARM.Collect$$libinit$$0000000A) for __rt_lib_init_user_alloc_1
    libspace.o(.text) refers to libspace.o(.bss) for __libspace_start
    rtexit.o(.ARM.Collect$$rtexit$$00000000) refers (Special) to rtexit2.o(.ARM.Collect$$rtexit$$00000004) for __rt_exit_exit
    rtexit.o(.ARM.Collect$$rtexit$$00000000) refers (Special) to rtexit2.o(.ARM.Collect$$rtexit$$00000003) for __rt_exit_ls
    rtexit.o(.ARM.Collect$$rtexit$$00000000) refers (Special) to rtexit2.o(.ARM.Collect$$rtexit$$00000002) for __rt_exit_prels_1
    rtexit.o(.ARM.exidx) refers (Special) to rtexit2.o(.ARM.Collect$$rtexit$$00000004) for __rt_exit_exit
    rtexit.o(.ARM.exidx) refers (Special) to rtexit2.o(.ARM.Collect$$rtexit$$00000003) for __rt_exit_ls
    rtexit.o(.ARM.exidx) refers (Special) to rtexit2.o(.ARM.Collect$$rtexit$$00000002) for __rt_exit_prels_1
    rtexit.o(.ARM.exidx) refers to rtexit.o(.ARM.Collect$$rtexit$$00000000) for .ARM.Collect$$rtexit$$00000000
    libinit2.o(.ARM.Collect$$libinit$$0000000E) refers to libinit2.o(.ARM.Collect$$libinit$$0000000D) for .ARM.Collect$$libinit$$0000000D
    libinit2.o(.ARM.Collect$$libinit$$00000010) refers to libinit2.o(.ARM.Collect$$libinit$$0000000D) for .ARM.Collect$$libinit$$0000000D
    libinit2.o(.ARM.Collect$$libinit$$00000012) refers to libinit2.o(.ARM.Collect$$libinit$$0000000D) for .ARM.Collect$$libinit$$0000000D
    libinit2.o(.ARM.Collect$$libinit$$00000014) refers to libinit2.o(.ARM.Collect$$libinit$$0000000D) for .ARM.Collect$$libinit$$0000000D
    libinit2.o(.ARM.Collect$$libinit$$00000016) refers to libinit2.o(.ARM.Collect$$libinit$$0000000D) for .ARM.Collect$$libinit$$0000000D
    libinit2.o(.ARM.Collect$$libinit$$00000024) refers to argv_veneer.o(.emb_text) for __ARM_argv_veneer
    libinit2.o(.ARM.Collect$$libinit$$00000025) refers to argv_veneer.o(.emb_text) for __ARM_argv_veneer
    rtexit2.o(.ARM.Collect$$rtexit$$00000003) refers to libshutdown.o(.ARM.Collect$$libshutdown$$00000000) for __rt_lib_shutdown
    rtexit2.o(.ARM.Collect$$rtexit$$00000004) refers to sys_exit.o(.text) for _sys_exit
    rtexit2.o(.ARM.exidx) refers to rtexit2.o(.ARM.Collect$$rtexit$$00000001) for .ARM.Collect$$rtexit$$00000001
    rtexit2.o(.ARM.exidx) refers to rtexit2.o(.ARM.Collect$$rtexit$$00000003) for .ARM.Collect$$rtexit$$00000003
    rtexit2.o(.ARM.exidx) refers to rtexit2.o(.ARM.Collect$$rtexit$$00000004) for .ARM.Collect$$rtexit$$00000004
    argv_veneer.o(.emb_text) refers to no_argv.o(.text) for __ARM_get_argv
    sys_exit.o(.text) refers (Special) to use_no_semi.o(.text) for __I$use$semihosting
    sys_exit.o(.text) refers (Special) to indicate_semi.o(.text) for __semihosting_library_function
    _get_argv_nomalloc.o(.text) refers (Special) to hrguard.o(.text) for __heap_region$guard
    _get_argv_nomalloc.o(.text) refers to defsig_rtmem_outer.o(.text) for __rt_SIGRTMEM
    _get_argv_nomalloc.o(.text) refers to sys_command.o(.text) for _sys_command_string
    libshutdown.o(.ARM.Collect$$libshutdown$$00000000) refers (Special) to libshutdown2.o(.ARM.Collect$$libshutdown$$00000006) for __rt_lib_shutdown_fp_trap_1
    libshutdown.o(.ARM.Collect$$libshutdown$$00000000) refers (Special) to libshutdown2.o(.ARM.Collect$$libshutdown$$0000000E) for __rt_lib_shutdown_heap_1
    libshutdown.o(.ARM.Collect$$libshutdown$$00000000) refers (Special) to libshutdown2.o(.ARM.Collect$$libshutdown$$0000000F) for __rt_lib_shutdown_return
    libshutdown.o(.ARM.Collect$$libshutdown$$00000000) refers (Special) to libshutdown2.o(.ARM.Collect$$libshutdown$$00000009) for __rt_lib_shutdown_signal_1
    libshutdown.o(.ARM.Collect$$libshutdown$$00000000) refers (Special) to libshutdown2.o(.ARM.Collect$$libshutdown$$00000003) for __rt_lib_shutdown_stdio_1
    libshutdown.o(.ARM.Collect$$libshutdown$$00000000) refers (Special) to libshutdown2.o(.ARM.Collect$$libshutdown$$0000000B) for __rt_lib_shutdown_user_alloc_1
    sys_command.o(.text) refers (Special) to use_no_semi.o(.text) for __I$use$semihosting
    sys_command.o(.text) refers (Special) to indicate_semi.o(.text) for __semihosting_library_function
    defsig_rtmem_outer.o(.text) refers to defsig_rtmem_inner.o(.text) for __rt_SIGRTMEM_inner
    defsig_rtmem_outer.o(.text) refers to defsig_exit.o(.text) for __sig_exit
    defsig_rtmem_formal.o(.text) refers to rt_raise.o(.text) for __rt_raise
    rt_raise.o(.text) refers to __raise.o(.text) for __raise
    rt_raise.o(.text) refers to sys_exit.o(.text) for _sys_exit
    defsig_exit.o(.text) refers to sys_exit.o(.text) for _sys_exit
    defsig_rtmem_inner.o(.text) refers to defsig_general.o(.text) for __default_signal_display
    __raise.o(.text) refers to defsig.o(CL$$defsig) for __default_signal_handler
    defsig_general.o(.text) refers to sys_wrch.o(.text) for _ttywrch
    sys_wrch.o(.text) refers (Special) to use_no_semi.o(.text) for __I$use$semihosting
    sys_wrch.o(.text) refers (Special) to indicate_semi.o(.text) for __semihosting_library_function
    defsig.o(CL$$defsig) refers to defsig_rtmem_inner.o(.text) for __rt_SIGRTMEM_inner
    defsig_abrt_inner.o(.text) refers to defsig_general.o(.text) for __default_signal_display
    defsig_fpe_inner.o(.text) refers to defsig_general.o(.text) for __default_signal_display
    defsig_rtred_inner.o(.text) refers to defsig_general.o(.text) for __default_signal_display
    defsig_stak_inner.o(.text) refers to defsig_general.o(.text) for __default_signal_display
    defsig_pvfn_inner.o(.text) refers to defsig_general.o(.text) for __default_signal_display
    defsig_cppl_inner.o(.text) refers to defsig_general.o(.text) for __default_signal_display
    defsig_segv_inner.o(.text) refers to defsig_general.o(.text) for __default_signal_display
    defsig_other.o(.text) refers to defsig_general.o(.text) for __default_signal_display


==============================================================================

Removing Unused input sections from the image.

    Removing sample.o(.rev16_text), (4 bytes).
    Removing sample.o(.revsh_text), (4 bytes).
    Removing core_cm3.o(.emb_text), (32 bytes).
    Removing system_lpc17xx.o(.rev16_text), (4 bytes).
    Removing system_lpc17xx.o(.revsh_text), (4 bytes).
    Removing funct_led.o(.rev16_text), (4 bytes).
    Removing funct_led.o(.revsh_text), (4 bytes).
    Removing lib_led.o(.rev16_text), (4 bytes).
    Removing lib_led.o(.revsh_text), (4 bytes).
    Removing irq_button.o(.rev16_text), (4 bytes).
    Removing irq_button.o(.revsh_text), (4 bytes).
    Removing lib_button.o(.rev16_text), (4 bytes).
    Removing lib_button.o(.revsh_text), (4 bytes).
    Removing irq_timer.o(.rev16_text), (4 bytes).
    Removing irq_timer.o(.revsh_text), (4 bytes).
    Removing lib_timer.o(.rev16_text), (4 bytes).
    Removing lib_timer.o(.revsh_text), (4 bytes).
    Removing irq_rit.o(.rev16_text), (4 bytes).
    Removing irq_rit.o(.revsh_text), (4 bytes).
    Removing lib_rit.o(.rev16_text), (4 bytes).
    Removing lib_rit.o(.revsh_text), (4 bytes).
    Removing funct_joystick.o(.rev16_text), (4 bytes).
    Removing funct_joystick.o(.revsh_text), (4 bytes).
    Removing funct_joystick.o(.text), (12 bytes).
    Removing lib_joystick.o(.rev16_text), (4 bytes).
    Removing lib_joystick.o(.revsh_text), (4 bytes).

26 unused section(s) (total 140 bytes) removed from the image.

==============================================================================

Image Symbol Table

    Local Symbols

    Symbol Name                              Value     Ov Type        Size  Object(Section)

    RESET                                    0x00000000   Section      204  startup_lpc17xx.o(RESET)
    ../clib/angel/boardlib.s                 0x00000000   Number         0  boardshut.o ABSOLUTE
    ../clib/angel/boardlib.s                 0x00000000   Number         0  boardinit3.o ABSOLUTE
    ../clib/angel/boardlib.s                 0x00000000   Number         0  boardinit1.o ABSOLUTE
    ../clib/angel/boardlib.s                 0x00000000   Number         0  boardinit2.o ABSOLUTE
    ../clib/angel/handlers.s                 0x00000000   Number         0  __scatter_zi.o ABSOLUTE
    ../clib/angel/handlers.s                 0x00000000   Number         0  __scatter_copy.o ABSOLUTE
    ../clib/angel/kernel.s                   0x00000000   Number         0  rtentry.o ABSOLUTE
    ../clib/angel/kernel.s                   0x00000000   Number         0  rtentry2.o ABSOLUTE
    ../clib/angel/kernel.s                   0x00000000   Number         0  rtexit2.o ABSOLUTE
    ../clib/angel/kernel.s                   0x00000000   Number         0  rtentry4.o ABSOLUTE
    ../clib/angel/kernel.s                   0x00000000   Number         0  rtexit.o ABSOLUTE
    ../clib/angel/rt.s                       0x00000000   Number         0  rt_raise.o ABSOLUTE
    ../clib/angel/scatter.s                  0x00000000   Number         0  __scatter.o ABSOLUTE
    ../clib/angel/startup.s                  0x00000000   Number         0  __main.o ABSOLUTE
    ../clib/angel/sys.s                      0x00000000   Number         0  sys_stackheap_outer.o ABSOLUTE
    ../clib/angel/sys.s                      0x00000000   Number         0  libspace.o ABSOLUTE
    ../clib/angel/sys.s                      0x00000000   Number         0  indicate_semi.o ABSOLUTE
    ../clib/angel/sys.s                      0x00000000   Number         0  use_no_semi.o ABSOLUTE
    ../clib/angel/sysapp.c                   0x00000000   Number         0  sys_exit.o ABSOLUTE
    ../clib/angel/sysapp.c                   0x00000000   Number         0  sys_wrch.o ABSOLUTE
    ../clib/angel/sysapp.c                   0x00000000   Number         0  sys_command.o ABSOLUTE
    ../clib/armsys.c                         0x00000000   Number         0  _get_argv_nomalloc.o ABSOLUTE
    ../clib/armsys.c                         0x00000000   Number         0  argv_veneer.o ABSOLUTE
    ../clib/armsys.c                         0x00000000   Number         0  argv_veneer.o ABSOLUTE
    ../clib/armsys.c                         0x00000000   Number         0  no_argv.o ABSOLUTE
    ../clib/heapalloc.c                      0x00000000   Number         0  hrguard.o ABSOLUTE
    ../clib/heapaux.c                        0x00000000   Number         0  heapauxi.o ABSOLUTE
    ../clib/libinit.s                        0x00000000   Number         0  libinit2.o ABSOLUTE
    ../clib/libinit.s                        0x00000000   Number         0  libinit.o ABSOLUTE
    ../clib/libinit.s                        0x00000000   Number         0  libshutdown2.o ABSOLUTE
    ../clib/libinit.s                        0x00000000   Number         0  libshutdown.o ABSOLUTE
    ../clib/signal.c                         0x00000000   Number         0  defsig_stak_inner.o ABSOLUTE
    ../clib/signal.c                         0x00000000   Number         0  defsig_pvfn_inner.o ABSOLUTE
    ../clib/signal.c                         0x00000000   Number         0  defsig_cppl_inner.o ABSOLUTE
    ../clib/signal.c                         0x00000000   Number         0  defsig_segv_inner.o ABSOLUTE
    ../clib/signal.c                         0x00000000   Number         0  defsig_other.o ABSOLUTE
    ../clib/signal.c                         0x00000000   Number         0  defsig_exit.o ABSOLUTE
    ../clib/signal.c                         0x00000000   Number         0  defsig_rtmem_outer.o ABSOLUTE
    ../clib/signal.c                         0x00000000   Number         0  defsig_rtmem_formal.o ABSOLUTE
    ../clib/signal.c                         0x00000000   Number         0  defsig_rtmem_inner.o ABSOLUTE
    ../clib/signal.c                         0x00000000   Number         0  __raise.o ABSOLUTE
    ../clib/signal.c                         0x00000000   Number         0  defsig_general.o ABSOLUTE
    ../clib/signal.c                         0x00000000   Number         0  defsig_abrt_inner.o ABSOLUTE
    ../clib/signal.c                         0x00000000   Number         0  defsig_fpe_inner.o ABSOLUTE
    ../clib/signal.c                         0x00000000   Number         0  defsig_rtred_inner.o ABSOLUTE
    ../clib/signal.s                         0x00000000   Number         0  defsig.o ABSOLUTE
    ../clib/stdlib.c                         0x00000000   Number         0  exit.o ABSOLUTE
    ../fplib/fpinit.s                        0x00000000   Number         0  fpinit.o ABSOLUTE
    RIT\IRQ_RIT.c                            0x00000000   Number         0  irq_rit.o ABSOLUTE
    RIT\\IRQ_RIT.c                           0x00000000   Number         0  irq_rit.o ABSOLUTE
    RIT\\lib_RIT.c                           0x00000000   Number         0  lib_rit.o ABSOLUTE
    RIT\lib_RIT.c                            0x00000000   Number         0  lib_rit.o ABSOLUTE
    button_EXINT\IRQ_button.c                0x00000000   Number         0  irq_button.o ABSOLUTE
    button_EXINT\\IRQ_button.c               0x00000000   Number         0  irq_button.o ABSOLUTE
    button_EXINT\\lib_button.c               0x00000000   Number         0  lib_button.o ABSOLUTE
    button_EXINT\lib_button.c                0x00000000   Number         0  lib_button.o ABSOLUTE
    core_cm3.c                               0x00000000   Number         0  core_cm3.o ABSOLUTE
    core_cm3.c                               0x00000000   Number         0  core_cm3.o ABSOLUTE
    dc.s                                     0x00000000   Number         0  dc.o ABSOLUTE
    joystick\\funct_joystick.c               0x00000000   Number         0  funct_joystick.o ABSOLUTE
    joystick\\lib_joystick.c                 0x00000000   Number         0  lib_joystick.o ABSOLUTE
    joystick\funct_joystick.c                0x00000000   Number         0  funct_joystick.o ABSOLUTE
    joystick\lib_joystick.c                  0x00000000   Number         0  lib_joystick.o ABSOLUTE
    led\\funct_led.c                         0x00000000   Number         0  funct_led.o ABSOLUTE
    led\\lib_led.c                           0x00000000   Number         0  lib_led.o ABSOLUTE
    led\funct_led.c                          0x00000000   Number         0  funct_led.o ABSOLUTE
    led\lib_led.c                            0x00000000   Number         0  lib_led.o ABSOLUTE
    overflow.s                               0x00000000   Number         0  overflow.o ABSOLUTE
    sample.c                                 0x00000000   Number         0  sample.o ABSOLUTE
    sample.c                                 0x00000000   Number         0  sample.o ABSOLUTE
    startup_LPC17xx.s                        0x00000000   Number         0  startup_lpc17xx.o ABSOLUTE
    system_LPC17xx.c                         0x00000000   Number         0  system_lpc17xx.o ABSOLUTE
    system_LPC17xx.c                         0x00000000   Number         0  system_lpc17xx.o ABSOLUTE
    timer\IRQ_timer.c                        0x00000000   Number         0  irq_timer.o ABSOLUTE
    timer\\IRQ_timer.c                       0x00000000   Number         0  irq_timer.o ABSOLUTE
    timer\\lib_timer.c                       0x00000000   Number         0  lib_timer.o ABSOLUTE
    timer\lib_timer.c                        0x00000000   Number         0  lib_timer.o ABSOLUTE
    !!!main                                  0x000000cc   Section        8  __main.o(!!!main)
    !!!scatter                               0x000000d4   Section       52  __scatter.o(!!!scatter)
    !!handler_copy                           0x00000108   Section       26  __scatter_copy.o(!!handler_copy)
    !!handler_zi                             0x00000124   Section       28  __scatter_zi.o(!!handler_zi)
    .ARM.Collect$$libinit$$00000000          0x00000140   Section        2  libinit.o(.ARM.Collect$$libinit$$00000000)
    .ARM.Collect$$libinit$$00000002          0x00000142   Section        0  libinit2.o(.ARM.Collect$$libinit$$00000002)
    .ARM.Collect$$libinit$$00000008          0x00000142   Section        0  libinit2.o(.ARM.Collect$$libinit$$00000008)
    .ARM.Collect$$libinit$$0000000A          0x00000142   Section        0  libinit2.o(.ARM.Collect$$libinit$$0000000A)
    .ARM.Collect$$libinit$$0000000C          0x00000142   Section        0  libinit2.o(.ARM.Collect$$libinit$$0000000C)
    .ARM.Collect$$libinit$$0000000F          0x00000142   Section        0  libinit2.o(.ARM.Collect$$libinit$$0000000F)
    .ARM.Collect$$libinit$$00000011          0x00000142   Section        0  libinit2.o(.ARM.Collect$$libinit$$00000011)
    .ARM.Collect$$libinit$$00000013          0x00000142   Section        0  libinit2.o(.ARM.Collect$$libinit$$00000013)
    .ARM.Collect$$libinit$$00000015          0x00000142   Section        0  libinit2.o(.ARM.Collect$$libinit$$00000015)
    .ARM.Collect$$libinit$$00000017          0x00000142   Section        0  libinit2.o(.ARM.Collect$$libinit$$00000017)
    .ARM.Collect$$libinit$$00000019          0x00000142   Section        0  libinit2.o(.ARM.Collect$$libinit$$00000019)
    .ARM.Collect$$libinit$$0000001B          0x00000142   Section        0  libinit2.o(.ARM.Collect$$libinit$$0000001B)
    .ARM.Collect$$libinit$$0000001D          0x00000142   Section        0  libinit2.o(.ARM.Collect$$libinit$$0000001D)
    .ARM.Collect$$libinit$$0000001F          0x00000142   Section        0  libinit2.o(.ARM.Collect$$libinit$$0000001F)
    .ARM.Collect$$libinit$$00000021          0x00000142   Section        0  libinit2.o(.ARM.Collect$$libinit$$00000021)
    .ARM.Collect$$libinit$$00000023          0x00000142   Section        0  libinit2.o(.ARM.Collect$$libinit$$00000023)
    .ARM.Collect$$libinit$$0000002A          0x00000142   Section        0  libinit2.o(.ARM.Collect$$libinit$$0000002A)
    .ARM.Collect$$libinit$$0000002C          0x00000142   Section        0  libinit2.o(.ARM.Collect$$libinit$$0000002C)
    .ARM.Collect$$libinit$$0000002E          0x00000142   Section        0  libinit2.o(.ARM.Collect$$libinit$$0000002E)
    .ARM.Collect$$libinit$$00000030          0x00000142   Section        0  libinit2.o(.ARM.Collect$$libinit$$00000030)
    .ARM.Collect$$libinit$$00000031          0x00000142   Section        2  libinit2.o(.ARM.Collect$$libinit$$00000031)
    .ARM.Collect$$libshutdown$$00000000      0x00000144   Section        2  libshutdown.o(.ARM.Collect$$libshutdown$$00000000)
    .ARM.Collect$$libshutdown$$00000003      0x00000146   Section        0  libshutdown2.o(.ARM.Collect$$libshutdown$$00000003)
    .ARM.Collect$$libshutdown$$00000006      0x00000146   Section        0  libshutdown2.o(.ARM.Collect$$libshutdown$$00000006)
    .ARM.Collect$$libshutdown$$00000009      0x00000146   Section        0  libshutdown2.o(.ARM.Collect$$libshutdown$$00000009)
    .ARM.Collect$$libshutdown$$0000000B      0x00000146   Section        0  libshutdown2.o(.ARM.Collect$$libshutdown$$0000000B)
    .ARM.Collect$$libshutdown$$0000000E      0x00000146   Section        0  libshutdown2.o(.ARM.Collect$$libshutdown$$0000000E)
    .ARM.Collect$$libshutdown$$0000000F      0x00000146   Section        2  libshutdown2.o(.ARM.Collect$$libshutdown$$0000000F)
    .ARM.Collect$$rtentry$$00000000          0x00000148   Section        0  rtentry.o(.ARM.Collect$$rtentry$$00000000)
    .ARM.Collect$$rtentry$$00000002          0x00000148   Section        0  rtentry2.o(.ARM.Collect$$rtentry$$00000002)
    .ARM.Collect$$rtentry$$00000004          0x00000148   Section        6  rtentry4.o(.ARM.Collect$$rtentry$$00000004)
    .ARM.Collect$$rtentry$$00000009          0x0000014e   Section        0  rtentry2.o(.ARM.Collect$$rtentry$$00000009)
    .ARM.Collect$$rtentry$$0000000A          0x0000014e   Section        4  rtentry2.o(.ARM.Collect$$rtentry$$0000000A)
    .ARM.Collect$$rtentry$$0000000C          0x00000152   Section        0  rtentry2.o(.ARM.Collect$$rtentry$$0000000C)
    .ARM.Collect$$rtentry$$0000000D          0x00000152   Section        8  rtentry2.o(.ARM.Collect$$rtentry$$0000000D)
    .ARM.Collect$$rtexit$$00000000           0x0000015a   Section        2  rtexit.o(.ARM.Collect$$rtexit$$00000000)
    .ARM.Collect$$rtexit$$00000002           0x0000015c   Section        0  rtexit2.o(.ARM.Collect$$rtexit$$00000002)
    .ARM.Collect$$rtexit$$00000003           0x0000015c   Section        4  rtexit2.o(.ARM.Collect$$rtexit$$00000003)
    .ARM.Collect$$rtexit$$00000004           0x00000160   Section        6  rtexit2.o(.ARM.Collect$$rtexit$$00000004)
    .text                                    0x00000168   Section       52  startup_lpc17xx.o(.text)
    .text                                    0x0000019c   Section        0  sample.o(.text)
    .text                                    0x000001f8   Section        0  funct_led.o(.text)
    .text                                    0x00000264   Section        0  lib_led.o(.text)
    .text                                    0x000002a4   Section        0  irq_timer.o(.text)
    .text                                    0x000002bc   Section        0  lib_joystick.o(.text)
    .text                                    0x000002e0   Section        0  heapauxi.o(.text)
    .text                                    0x000002e6   Section        0  exit.o(.text)
    .text                                    0x000002f4   Section        8  libspace.o(.text)
    .ARM.__at_0x02FC                         0x000002fc   Section        4  startup_lpc17xx.o(.ARM.__at_0x02FC)
    .text                                    0x00000300   Section        0  system_lpc17xx.o(.text)
    .text                                    0x00000568   Section        0  irq_button.o(.text)
    .text                                    0x000005d0   Section        0  lib_button.o(.text)
    NVIC_SetPriority                         0x000005d1   Thumb Code    32  lib_button.o(.text)
    NVIC_EnableIRQ                           0x0000066f   Thumb Code    24  lib_button.o(.text)
    .text                                    0x0000069c   Section        0  lib_timer.o(.text)
    NVIC_EnableIRQ                           0x00000765   Thumb Code    24  lib_timer.o(.text)
    .text                                    0x00000784   Section        0  irq_rit.o(.text)
    .text                                    0x00000890   Section        0  lib_rit.o(.text)
    .text                                    0x00000924   Section       74  sys_stackheap_outer.o(.text)
    .text                                    0x00000970   Section        0  sys_exit.o(.text)
    .text                                    0x0000097c   Section        2  use_no_semi.o(.text)
    .text                                    0x0000097e   Section        0  indicate_semi.o(.text)
    asm_func                                 0x00000980   Section       50  overflow.o(asm_func)
    .constdata                               0x000009b4   Section       32  funct_led.o(.constdata)
    .data                                    0x10000000   Section        4  system_lpc17xx.o(.data)
    .data                                    0x10000004   Section        1  lib_led.o(.data)
    .data                                    0x10000008   Section       12  irq_rit.o(.data)
    select                                   0x1000000c   Data           4  irq_rit.o(.data)
    i                                        0x10000010   Data           4  irq_rit.o(.data)
    .bss                                     0x10000014   Section       20  irq_rit.o(.bss)
    v                                        0x10000014   Data          20  irq_rit.o(.bss)
    .bss                                     0x10000028   Section       96  libspace.o(.bss)
    HEAP                                     0x10000088   Section        0  startup_lpc17xx.o(HEAP)
    STACK                                    0x10000088   Section      512  startup_lpc17xx.o(STACK)
    Heap_Mem                                 0x10000088   Data           0  startup_lpc17xx.o(HEAP)
    Stack_Mem                                0x10000088   Data         512  startup_lpc17xx.o(STACK)
    __initial_sp                             0x10000288   Data           0  startup_lpc17xx.o(STACK)

    Global Symbols

    Symbol Name                              Value     Ov Type        Size  Object(Section)

    BuildAttributes$$THM_ISAv4$P$D$K$B$S$PE$A:L22UL41UL21$X:L11$S22US41US21$IEEE1$IW$USESV6$~STKCKD$USESV7$~SHL$OSPACE$ROPI$EBA8$UX$STANDARDLIB$REQ8$PRES8$EABIv2 0x00000000   Number         0  anon$$obj.o ABSOLUTE
    __ARM_use_no_argv                        0x00000000   Number         0  sample.o ABSOLUTE
    __Vectors                                0x00000000   Data           4  startup_lpc17xx.o(RESET)
    __ARM_exceptions_init                     - Undefined Weak Reference
    __alloca_initialize                       - Undefined Weak Reference
    __cpp_initialize__aeabi_                  - Undefined Weak Reference
    __cxa_finalize                            - Undefined Weak Reference
    __rt_locale                               - Undefined Weak Reference
    __sigvec_lookup                           - Undefined Weak Reference
    _atexit_init                              - Undefined Weak Reference
    _call_atexit_fns                          - Undefined Weak Reference
    _clock_init                               - Undefined Weak Reference
    _fp_trap_init                             - Undefined Weak Reference
    _fp_trap_shutdown                         - Undefined Weak Reference
    _get_lc_collate                           - Undefined Weak Reference
    _get_lc_ctype                             - Undefined Weak Reference
    _get_lc_monetary                          - Undefined Weak Reference
    _get_lc_numeric                           - Undefined Weak Reference
    _get_lc_time                              - Undefined Weak Reference
    _getenv_init                              - Undefined Weak Reference
    _handle_redirection                       - Undefined Weak Reference
    _init_alloc                               - Undefined Weak Reference
    _init_user_alloc                          - Undefined Weak Reference
    _initio                                   - Undefined Weak Reference
    _rand_init                                - Undefined Weak Reference
    _signal_finish                            - Undefined Weak Reference
    _signal_init                              - Undefined Weak Reference
    _terminate_alloc                          - Undefined Weak Reference
    _terminate_user_alloc                     - Undefined Weak Reference
    _terminateio                              - Undefined Weak Reference
    __main                                   0x000000cd   Thumb Code     8  __main.o(!!!main)
    __scatterload                            0x000000d5   Thumb Code     0  __scatter.o(!!!scatter)
    __scatterload_rt2                        0x000000d5   Thumb Code    44  __scatter.o(!!!scatter)
    __scatterload_rt2_thumb_only             0x000000d5   Thumb Code     0  __scatter.o(!!!scatter)
    __scatterload_null                       0x000000e3   Thumb Code     0  __scatter.o(!!!scatter)
    __scatterload_copy                       0x00000109   Thumb Code    26  __scatter_copy.o(!!handler_copy)
    __scatterload_zeroinit                   0x00000125   Thumb Code    28  __scatter_zi.o(!!handler_zi)
    __rt_lib_init                            0x00000141   Thumb Code     0  libinit.o(.ARM.Collect$$libinit$$00000000)
    __rt_lib_init_alloca_1                   0x00000143   Thumb Code     0  libinit2.o(.ARM.Collect$$libinit$$0000002C)
    __rt_lib_init_argv_1                     0x00000143   Thumb Code     0  libinit2.o(.ARM.Collect$$libinit$$0000002A)
    __rt_lib_init_atexit_1                   0x00000143   Thumb Code     0  libinit2.o(.ARM.Collect$$libinit$$00000019)
    __rt_lib_init_clock_1                    0x00000143   Thumb Code     0  libinit2.o(.ARM.Collect$$libinit$$0000001F)
    __rt_lib_init_cpp_1                      0x00000143   Thumb Code     0  libinit2.o(.ARM.Collect$$libinit$$00000030)
    __rt_lib_init_exceptions_1               0x00000143   Thumb Code     0  libinit2.o(.ARM.Collect$$libinit$$0000002E)
    __rt_lib_init_fp_1                       0x00000143   Thumb Code     0  libinit2.o(.ARM.Collect$$libinit$$00000002)
    __rt_lib_init_fp_trap_1                  0x00000143   Thumb Code     0  libinit2.o(.ARM.Collect$$libinit$$0000001D)
    __rt_lib_init_getenv_1                   0x00000143   Thumb Code     0  libinit2.o(.ARM.Collect$$libinit$$00000021)
    __rt_lib_init_heap_1                     0x00000143   Thumb Code     0  libinit2.o(.ARM.Collect$$libinit$$00000008)
    __rt_lib_init_lc_collate_1               0x00000143   Thumb Code     0  libinit2.o(.ARM.Collect$$libinit$$0000000F)
    __rt_lib_init_lc_ctype_1                 0x00000143   Thumb Code     0  libinit2.o(.ARM.Collect$$libinit$$00000011)
    __rt_lib_init_lc_monetary_1              0x00000143   Thumb Code     0  libinit2.o(.ARM.Collect$$libinit$$00000013)
    __rt_lib_init_lc_numeric_1               0x00000143   Thumb Code     0  libinit2.o(.ARM.Collect$$libinit$$00000015)
    __rt_lib_init_lc_time_1                  0x00000143   Thumb Code     0  libinit2.o(.ARM.Collect$$libinit$$00000017)
    __rt_lib_init_rand_1                     0x00000143   Thumb Code     0  libinit2.o(.ARM.Collect$$libinit$$0000000C)
    __rt_lib_init_return                     0x00000143   Thumb Code     0  libinit2.o(.ARM.Collect$$libinit$$00000031)
    __rt_lib_init_signal_1                   0x00000143   Thumb Code     0  libinit2.o(.ARM.Collect$$libinit$$0000001B)
    __rt_lib_init_stdio_1                    0x00000143   Thumb Code     0  libinit2.o(.ARM.Collect$$libinit$$00000023)
    __rt_lib_init_user_alloc_1               0x00000143   Thumb Code     0  libinit2.o(.ARM.Collect$$libinit$$0000000A)
    __rt_lib_shutdown                        0x00000145   Thumb Code     0  libshutdown.o(.ARM.Collect$$libshutdown$$00000000)
    __rt_lib_shutdown_fp_trap_1              0x00000147   Thumb Code     0  libshutdown2.o(.ARM.Collect$$libshutdown$$00000006)
    __rt_lib_shutdown_heap_1                 0x00000147   Thumb Code     0  libshutdown2.o(.ARM.Collect$$libshutdown$$0000000E)
    __rt_lib_shutdown_return                 0x00000147   Thumb Code     0  libshutdown2.o(.ARM.Collect$$libshutdown$$0000000F)
    __rt_lib_shutdown_signal_1               0x00000147   Thumb Code     0  libshutdown2.o(.ARM.Collect$$libshutdown$$00000009)
    __rt_lib_shutdown_stdio_1                0x00000147   Thumb Code     0  libshutdown2.o(.ARM.Collect$$libshutdown$$00000003)
    __rt_lib_shutdown_user_alloc_1           0x00000147   Thumb Code     0  libshutdown2.o(.ARM.Collect$$libshutdown$$0000000B)
    __rt_entry                               0x00000149   Thumb Code     0  rtentry.o(.ARM.Collect$$rtentry$$00000000)
    __rt_entry_presh_1                       0x00000149   Thumb Code     0  rtentry2.o(.ARM.Collect$$rtentry$$00000002)
    __rt_entry_sh                            0x00000149   Thumb Code     0  rtentry4.o(.ARM.Collect$$rtentry$$00000004)
    __rt_entry_li                            0x0000014f   Thumb Code     0  rtentry2.o(.ARM.Collect$$rtentry$$0000000A)
    __rt_entry_postsh_1                      0x0000014f   Thumb Code     0  rtentry2.o(.ARM.Collect$$rtentry$$00000009)
    __rt_entry_main                          0x00000153   Thumb Code     0  rtentry2.o(.ARM.Collect$$rtentry$$0000000D)
    __rt_entry_postli_1                      0x00000153   Thumb Code     0  rtentry2.o(.ARM.Collect$$rtentry$$0000000C)
    __rt_exit                                0x0000015b   Thumb Code     0  rtexit.o(.ARM.Collect$$rtexit$$00000000)
    __rt_exit_ls                             0x0000015d   Thumb Code     0  rtexit2.o(.ARM.Collect$$rtexit$$00000003)
    __rt_exit_prels_1                        0x0000015d   Thumb Code     0  rtexit2.o(.ARM.Collect$$rtexit$$00000002)
    __rt_exit_exit                           0x00000161   Thumb Code     0  rtexit2.o(.ARM.Collect$$rtexit$$00000004)
    Reset_Handler                            0x00000169   Thumb Code     4  startup_lpc17xx.o(.text)
    NMI_Handler                              0x0000016d   Thumb Code     2  startup_lpc17xx.o(.text)
    HardFault_Handler                        0x0000016f   Thumb Code     2  startup_lpc17xx.o(.text)
    MemManage_Handler                        0x00000171   Thumb Code     2  startup_lpc17xx.o(.text)
    BusFault_Handler                         0x00000173   Thumb Code     2  startup_lpc17xx.o(.text)
    UsageFault_Handler                       0x00000175   Thumb Code     2  startup_lpc17xx.o(.text)
    SVC_Handler                              0x00000177   Thumb Code     2  startup_lpc17xx.o(.text)
    DebugMon_Handler                         0x00000179   Thumb Code     2  startup_lpc17xx.o(.text)
    PendSV_Handler                           0x0000017b   Thumb Code     2  startup_lpc17xx.o(.text)
    SysTick_Handler                          0x0000017d   Thumb Code     2  startup_lpc17xx.o(.text)
    ADC_IRQHandler                           0x0000017f   Thumb Code     0  startup_lpc17xx.o(.text)
    BOD_IRQHandler                           0x0000017f   Thumb Code     0  startup_lpc17xx.o(.text)
    CANActivity_IRQHandler                   0x0000017f   Thumb Code     0  startup_lpc17xx.o(.text)
    CAN_IRQHandler                           0x0000017f   Thumb Code     0  startup_lpc17xx.o(.text)
    DMA_IRQHandler                           0x0000017f   Thumb Code     0  startup_lpc17xx.o(.text)
    EINT3_IRQHandler                         0x0000017f   Thumb Code     0  startup_lpc17xx.o(.text)
    ENET_IRQHandler                          0x0000017f   Thumb Code     0  startup_lpc17xx.o(.text)
    I2C0_IRQHandler                          0x0000017f   Thumb Code     0  startup_lpc17xx.o(.text)
    I2C1_IRQHandler                          0x0000017f   Thumb Code     0  startup_lpc17xx.o(.text)
    I2C2_IRQHandler                          0x0000017f   Thumb Code     0  startup_lpc17xx.o(.text)
    I2S_IRQHandler                           0x0000017f   Thumb Code     0  startup_lpc17xx.o(.text)
    MCPWM_IRQHandler                         0x0000017f   Thumb Code     0  startup_lpc17xx.o(.text)
    PLL0_IRQHandler                          0x0000017f   Thumb Code     0  startup_lpc17xx.o(.text)
    PLL1_IRQHandler                          0x0000017f   Thumb Code     0  startup_lpc17xx.o(.text)
    PWM1_IRQHandler                          0x0000017f   Thumb Code     0  startup_lpc17xx.o(.text)
    QEI_IRQHandler                           0x0000017f   Thumb Code     0  startup_lpc17xx.o(.text)
    RTC_IRQHandler                           0x0000017f   Thumb Code     0  startup_lpc17xx.o(.text)
    SPI_IRQHandler                           0x0000017f   Thumb Code     0  startup_lpc17xx.o(.text)
    SSP0_IRQHandler                          0x0000017f   Thumb Code     0  startup_lpc17xx.o(.text)
    SSP1_IRQHandler                          0x0000017f   Thumb Code     0  startup_lpc17xx.o(.text)
    TIMER2_IRQHandler                        0x0000017f   Thumb Code     0  startup_lpc17xx.o(.text)
    TIMER3_IRQHandler                        0x0000017f   Thumb Code     0  startup_lpc17xx.o(.text)
    UART0_IRQHandler                         0x0000017f   Thumb Code     0  startup_lpc17xx.o(.text)
    UART1_IRQHandler                         0x0000017f   Thumb Code     0  startup_lpc17xx.o(.text)
    UART2_IRQHandler                         0x0000017f   Thumb Code     0  startup_lpc17xx.o(.text)
    UART3_IRQHandler                         0x0000017f   Thumb Code     0  startup_lpc17xx.o(.text)
    USBActivity_IRQHandler                   0x0000017f   Thumb Code     0  startup_lpc17xx.o(.text)
    USB_IRQHandler                           0x0000017f   Thumb Code     0  startup_lpc17xx.o(.text)
    WDT_IRQHandler                           0x0000017f   Thumb Code     0  startup_lpc17xx.o(.text)
    __user_initial_stackheap                 0x00000181   Thumb Code     0  startup_lpc17xx.o(.text)
    main                                     0x0000019d   Thumb Code    74  sample.o(.text)
    LED_On                                   0x000001f9   Thumb Code    26  funct_led.o(.text)
    LED_Off                                  0x00000213   Thumb Code    26  funct_led.o(.text)
    LED_Out                                  0x0000022d   Thumb Code    42  funct_led.o(.text)
    LED_init                                 0x00000265   Thumb Code    36  lib_led.o(.text)
    LED_deinit                               0x00000289   Thumb Code    14  lib_led.o(.text)
    TIMER0_IRQHandler                        0x000002a5   Thumb Code    10  irq_timer.o(.text)
    TIMER1_IRQHandler                        0x000002af   Thumb Code     8  irq_timer.o(.text)
    joystick_init                            0x000002bd   Thumb Code    26  lib_joystick.o(.text)
    __use_two_region_memory                  0x000002e1   Thumb Code     2  heapauxi.o(.text)
    __rt_heap_escrow$2region                 0x000002e3   Thumb Code     2  heapauxi.o(.text)
    __rt_heap_expand$2region                 0x000002e5   Thumb Code     2  heapauxi.o(.text)
    exit                                     0x000002e7   Thumb Code    12  exit.o(.text)
    __user_libspace                          0x000002f5   Thumb Code     8  libspace.o(.text)
    __user_perproc_libspace                  0x000002f5   Thumb Code     0  libspace.o(.text)
    __user_perthread_libspace                0x000002f5   Thumb Code     0  libspace.o(.text)
    SystemInit                               0x00000301   Thumb Code   538  system_lpc17xx.o(.text)
    EINT0_IRQHandler                         0x00000569   Thumb Code    16  irq_button.o(.text)
    EINT1_IRQHandler                         0x00000579   Thumb Code    50  irq_button.o(.text)
    EINT2_IRQHandler                         0x000005ab   Thumb Code    16  irq_button.o(.text)
    BUTTON_init                              0x000005f1   Thumb Code   126  lib_button.o(.text)
    enable_timer                             0x0000069d   Thumb Code    36  lib_timer.o(.text)
    disable_timer                            0x000006c1   Thumb Code    36  lib_timer.o(.text)
    reset_timer                              0x000006e5   Thumb Code    50  lib_timer.o(.text)
    init_timer                               0x00000717   Thumb Code    78  lib_timer.o(.text)
    RIT_IRQHandler                           0x00000785   Thumb Code   236  irq_rit.o(.text)
    enable_RIT                               0x00000891   Thumb Code    14  lib_rit.o(.text)
    disable_RIT                              0x0000089f   Thumb Code    14  lib_rit.o(.text)
    reset_RIT                                0x000008ad   Thumb Code     8  lib_rit.o(.text)
    init_RIT                                 0x000008b5   Thumb Code   100  lib_rit.o(.text)
    __user_setup_stackheap                   0x00000925   Thumb Code    74  sys_stackheap_outer.o(.text)
    _sys_exit                                0x00000971   Thumb Code     8  sys_exit.o(.text)
    __I$use$semihosting                      0x0000097d   Thumb Code     0  use_no_semi.o(.text)
    __use_no_semihosting_swi                 0x0000097d   Thumb Code     2  use_no_semi.o(.text)
    __semihosting_library_function           0x0000097f   Thumb Code     0  indicate_semi.o(.text)
    overflow                                 0x00000981   Thumb Code     2  overflow.o(asm_func)
    led_mask                                 0x000009b4   Data          32  funct_led.o(.constdata)
    Region$$Table$$Base                      0x000009d4   Number         0  anon$$obj.o(Region$$Table)
    Region$$Table$$Limit                     0x000009f4   Number         0  anon$$obj.o(Region$$Table)
    SystemFrequency                          0x10000000   Data           4  system_lpc17xx.o(.data)
    led_value                                0x10000004   Data           1  lib_led.o(.data)
    down                                     0x10000008   Data           4  irq_rit.o(.data)
    __libspace_start                         0x10000028   Data          96  libspace.o(.bss)
    __temporary_stack_top$libspace           0x10000088   Data           0  libspace.o(.bss)



==============================================================================

Memory Map of the image

  Image Entry point : 0x000000cd

  Load Region LR_IROM1 (Base: 0x00000000, Size: 0x00000a08, Max: 0x00080000, ABSOLUTE)

    Execution Region ER_IROM1 (Base: 0x00000000, Size: 0x000009f4, Max: 0x00080000, ABSOLUTE)

    Base Addr    Size         Type   Attr      Idx    E Section Name        Object

    0x00000000   0x000000cc   Data   RO            3    RESET               startup_lpc17xx.o
    0x000000cc   0x00000008   Code   RO          351  * !!!main             c_w.l(__main.o)
    0x000000d4   0x00000034   Code   RO          505    !!!scatter          c_w.l(__scatter.o)
    0x00000108   0x0000001a   Code   RO          507    !!handler_copy      c_w.l(__scatter_copy.o)
    0x00000122   0x00000002   PAD
    0x00000124   0x0000001c   Code   RO          509    !!handler_zi        c_w.l(__scatter_zi.o)
    0x00000140   0x00000002   Code   RO          378    .ARM.Collect$$libinit$$00000000  c_w.l(libinit.o)
    0x00000142   0x00000000   Code   RO          385    .ARM.Collect$$libinit$$00000002  c_w.l(libinit2.o)
    0x00000142   0x00000000   Code   RO          388    .ARM.Collect$$libinit$$00000008  c_w.l(libinit2.o)
    0x00000142   0x00000000   Code   RO          390    .ARM.Collect$$libinit$$0000000A  c_w.l(libinit2.o)
    0x00000142   0x00000000   Code   RO          392    .ARM.Collect$$libinit$$0000000C  c_w.l(libinit2.o)
    0x00000142   0x00000000   Code   RO          395    .ARM.Collect$$libinit$$0000000F  c_w.l(libinit2.o)
    0x00000142   0x00000000   Code   RO          397    .ARM.Collect$$libinit$$00000011  c_w.l(libinit2.o)
    0x00000142   0x00000000   Code   RO          399    .ARM.Collect$$libinit$$00000013  c_w.l(libinit2.o)
    0x00000142   0x00000000   Code   RO          401    .ARM.Collect$$libinit$$00000015  c_w.l(libinit2.o)
    0x00000142   0x00000000   Code   RO          403    .ARM.Collect$$libinit$$00000017  c_w.l(libinit2.o)
    0x00000142   0x00000000   Code   RO          405    .ARM.Collect$$libinit$$00000019  c_w.l(libinit2.o)
    0x00000142   0x00000000   Code   RO          407    .ARM.Collect$$libinit$$0000001B  c_w.l(libinit2.o)
    0x00000142   0x00000000   Code   RO          409    .ARM.Collect$$libinit$$0000001D  c_w.l(libinit2.o)
    0x00000142   0x00000000   Code   RO          411    .ARM.Collect$$libinit$$0000001F  c_w.l(libinit2.o)
    0x00000142   0x00000000   Code   RO          413    .ARM.Collect$$libinit$$00000021  c_w.l(libinit2.o)
    0x00000142   0x00000000   Code   RO          415    .ARM.Collect$$libinit$$00000023  c_w.l(libinit2.o)
    0x00000142   0x00000000   Code   RO          419    .ARM.Collect$$libinit$$0000002A  c_w.l(libinit2.o)
    0x00000142   0x00000000   Code   RO          421    .ARM.Collect$$libinit$$0000002C  c_w.l(libinit2.o)
    0x00000142   0x00000000   Code   RO          423    .ARM.Collect$$libinit$$0000002E  c_w.l(libinit2.o)
    0x00000142   0x00000000   Code   RO          425    .ARM.Collect$$libinit$$00000030  c_w.l(libinit2.o)
    0x00000142   0x00000002   Code   RO          426    .ARM.Collect$$libinit$$00000031  c_w.l(libinit2.o)
    0x00000144   0x00000002   Code   RO          446    .ARM.Collect$$libshutdown$$00000000  c_w.l(libshutdown.o)
    0x00000146   0x00000000   Code   RO          460    .ARM.Collect$$libshutdown$$00000003  c_w.l(libshutdown2.o)
    0x00000146   0x00000000   Code   RO          463    .ARM.Collect$$libshutdown$$00000006  c_w.l(libshutdown2.o)
    0x00000146   0x00000000   Code   RO          466    .ARM.Collect$$libshutdown$$00000009  c_w.l(libshutdown2.o)
    0x00000146   0x00000000   Code   RO          468    .ARM.Collect$$libshutdown$$0000000B  c_w.l(libshutdown2.o)
    0x00000146   0x00000000   Code   RO          471    .ARM.Collect$$libshutdown$$0000000E  c_w.l(libshutdown2.o)
    0x00000146   0x00000002   Code   RO          472    .ARM.Collect$$libshutdown$$0000000F  c_w.l(libshutdown2.o)
    0x00000148   0x00000000   Code   RO          353    .ARM.Collect$$rtentry$$00000000  c_w.l(rtentry.o)
    0x00000148   0x00000000   Code   RO          355    .ARM.Collect$$rtentry$$00000002  c_w.l(rtentry2.o)
    0x00000148   0x00000006   Code   RO          367    .ARM.Collect$$rtentry$$00000004  c_w.l(rtentry4.o)
    0x0000014e   0x00000000   Code   RO          357    .ARM.Collect$$rtentry$$00000009  c_w.l(rtentry2.o)
    0x0000014e   0x00000004   Code   RO          358    .ARM.Collect$$rtentry$$0000000A  c_w.l(rtentry2.o)
    0x00000152   0x00000000   Code   RO          360    .ARM.Collect$$rtentry$$0000000C  c_w.l(rtentry2.o)
    0x00000152   0x00000008   Code   RO          361    .ARM.Collect$$rtentry$$0000000D  c_w.l(rtentry2.o)
    0x0000015a   0x00000002   Code   RO          382    .ARM.Collect$$rtexit$$00000000  c_w.l(rtexit.o)
    0x0000015c   0x00000000   Code   RO          428    .ARM.Collect$$rtexit$$00000002  c_w.l(rtexit2.o)
    0x0000015c   0x00000004   Code   RO          429    .ARM.Collect$$rtexit$$00000003  c_w.l(rtexit2.o)
    0x00000160   0x00000006   Code   RO          430    .ARM.Collect$$rtexit$$00000004  c_w.l(rtexit2.o)
    0x00000166   0x00000002   PAD
    0x00000168   0x00000034   Code   RO            5    .text               startup_lpc17xx.o
    0x0000019c   0x0000005c   Code   RO           15    .text               sample.o
    0x000001f8   0x0000006c   Code   RO          106    .text               funct_led.o
    0x00000264   0x00000040   Code   RO          137    .text               lib_led.o
    0x000002a4   0x00000018   Code   RO          209    .text               irq_timer.o
    0x000002bc   0x00000024   Code   RO          329    .text               lib_joystick.o
    0x000002e0   0x00000006   Code   RO          349    .text               c_w.l(heapauxi.o)
    0x000002e6   0x0000000c   Code   RO          371    .text               c_w.l(exit.o)
    0x000002f2   0x00000002   PAD
    0x000002f4   0x00000008   Code   RO          379    .text               c_w.l(libspace.o)
    0x000002fc   0x00000004   Code   RO            4    .ARM.__at_0x02FC    startup_lpc17xx.o
    0x00000300   0x00000268   Code   RO           76    .text               system_lpc17xx.o
    0x00000568   0x00000068   Code   RO          160    .text               irq_button.o
    0x000005d0   0x000000cc   Code   RO          185    .text               lib_button.o
    0x0000069c   0x000000e8   Code   RO          232    .text               lib_timer.o
    0x00000784   0x0000010c   Code   RO          256    .text               irq_rit.o
    0x00000890   0x00000094   Code   RO          286    .text               lib_rit.o
    0x00000924   0x0000004a   Code   RO          369    .text               c_w.l(sys_stackheap_outer.o)
    0x0000096e   0x00000002   PAD
    0x00000970   0x0000000c   Code   RO          438    .text               c_w.l(sys_exit.o)
    0x0000097c   0x00000002   Code   RO          449    .text               c_w.l(use_no_semi.o)
    0x0000097e   0x00000000   Code   RO          451    .text               c_w.l(indicate_semi.o)
    0x0000097e   0x00000002   PAD
    0x00000980   0x00000032   Code   RO          304    asm_func            overflow.o
    0x000009b2   0x00000002   PAD
    0x000009b4   0x00000020   Data   RO          107    .constdata          funct_led.o
    0x000009d4   0x00000020   Data   RO          503    Region$$Table       anon$$obj.o


    Execution Region RW_IRAM1 (Base: 0x10000000, Size: 0x00000288, Max: 0x00008000, ABSOLUTE)

    Base Addr    Size         Type   Attr      Idx    E Section Name        Object

    0x10000000   0x00000004   Data   RW           77    .data               system_lpc17xx.o
    0x10000004   0x00000001   Data   RW          138    .data               lib_led.o
    0x10000005   0x00000003   PAD
    0x10000008   0x0000000c   Data   RW          258    .data               irq_rit.o
    0x10000014   0x00000014   Zero   RW          257    .bss                irq_rit.o
    0x10000028   0x00000060   Zero   RW          380    .bss                c_w.l(libspace.o)
    0x10000088   0x00000000   Zero   RW            2    HEAP                startup_lpc17xx.o
    0x10000088   0x00000200   Zero   RW            1    STACK               startup_lpc17xx.o


==============================================================================

Image component sizes


      Code (inc. data)   RO Data    RW Data    ZI Data      Debug   Object Name

       108         14         32          0          0      18184   funct_led.o
       104         22          0          0          0      24552   irq_button.o
       268         32          0         12         20        968   irq_rit.o
        24          6          0          0          0        530   irq_timer.o
       204         22          0          0          0      24533   lib_button.o
        36         10          0          0          0        432   lib_joystick.o
        64         14          0          1          0        738   lib_led.o
       148         12          0          0          0        980   lib_rit.o
       232          8          0          0          0      25103   lib_timer.o
        50          0          0          0          0        244   overflow.o
        92         18          0          0          0       4727   sample.o
        56         22        204          0        512       1008   startup_lpc17xx.o
       616         78          0          4          0        823   system_lpc17xx.o

    ----------------------------------------------------------------------
      2004        258        268         20        532     102822   Object Totals
         0          0         32          0          0          0   (incl. Generated)
         2          0          0          3          0          0   (incl. Padding)

    ----------------------------------------------------------------------

      Code (inc. data)   RO Data    RW Data    ZI Data      Debug   Library Member Name

         8          0          0          0          0         68   __main.o
        52          8          0          0          0          0   __scatter.o
        26          0          0          0          0          0   __scatter_copy.o
        28          0          0          0          0          0   __scatter_zi.o
        12          0          0          0          0         72   exit.o
         6          0          0          0          0        152   heapauxi.o
         0          0          0          0          0          0   indicate_semi.o
         2          0          0          0          0          0   libinit.o
         2          0          0          0          0          0   libinit2.o
         2          0          0          0          0          0   libshutdown.o
         2          0          0          0          0          0   libshutdown2.o
         8          4          0          0         96         68   libspace.o
         0          0          0          0          0          0   rtentry.o
        12          0          0          0          0          0   rtentry2.o
         6          0          0          0          0          0   rtentry4.o
         2          0          0          0          0          0   rtexit.o
        10          0          0          0          0          0   rtexit2.o
        12          4          0          0          0         68   sys_exit.o
        74          0          0          0          0         80   sys_stackheap_outer.o
         2          0          0          0          0         68   use_no_semi.o

    ----------------------------------------------------------------------
       276         16          0          0         96        576   Library Totals
        10          0          0          0          0          0   (incl. Padding)

    ----------------------------------------------------------------------

      Code (inc. data)   RO Data    RW Data    ZI Data      Debug   Library Name

       266         16          0          0         96        576   c_w.l

    ----------------------------------------------------------------------
       276         16          0          0         96        576   Library Totals

    ----------------------------------------------------------------------

==============================================================================


      Code (inc. data)   RO Data    RW Data    ZI Data      Debug   

      2280        274        268         20        628     102410   Grand Totals
      2280        274        268         20        628     102410   ELF Image Totals
      2280        274        268         20          0          0   ROM Totals

==============================================================================

    Total RO  Size (Code + RO Data)                 2548 (   2.49kB)
    Total RW  Size (RW Data + ZI Data)               648 (   0.63kB)
    Total ROM Size (Code + RO Data + RW Data)       2568 (   2.51kB)

==============================================================================

