<html>
<body>
<pre>
<h1>µVision Build Log</h1>
<h2>Tool Versions:</h2>
IDE-Version: µVision V5.36.0.0
Copyright (C) 2021 ARM Ltd and ARM Germany GmbH. All rights reserved.
License Information: Marco Lampis, polito, LIC=----
 
Tool Versions:
Toolchain:       MDK-Lite  Version: 5.36.0.0
Toolchain Path:  C:\Keil_v5\ARM\ARMCC\Bin
C Compiler:      Armcc.exe V5.06 update 7 (build 960)
Assembler:       Armasm.exe V5.06 update 7 (build 960)
Linker/Locator:  ArmLink.exe V5.06 update 7 (build 960)
Library Manager: ArmAr.exe V5.06 update 7 (build 960)
Hex Converter:   FromElf.exe V5.06 update 7 (build 960)
CPU DLL:         SARMCM3.DLL V5.36.0.0
Dialog DLL:      DARMP1.DLL V1.27.0.0
Target DLL:      UL2CM3.DLL V1.164.0.0
Dialog DLL:      TARMP1.DLL V1.26.0.0
 
<h2>Project:</h2>
C:\Users\marco\Dropbox (Politecnico Di Torino Studenti)\polito_lectures\Architetture e sistemi di elaborazione\esami\ASE_Exams_Full_2021-06-23\ASE_Exams_Full\2019_01_30\exam_20190130\sample.uvprojx
Project File Date:  01/31/2023

<h2>Output:</h2>
*** Using Compiler 'V5.06 update 7 (build 960)', folder: 'C:\Keil_v5\ARM\ARMCC\Bin'
Build target 'Target 1'
assembling startup_LPC17xx.s...
compiling system_LPC17xx.c...
compiling funct_led.c...
compiling core_cm3.c...
compiling lib_button.c...
compiling IRQ_button.c...
compiling lib_led.c...
compiling sample.c...
assembling count_bits_to_1.s...
compiling IRQ_timer.c...
compiling lib_timer.c...
compiling lib_RIT.c...
compiling IRQ_RIT.c...
compiling funct_joystick.c...
compiling lib_joystick.c...
linking...
Program Size: Code=2808 RO-data=284 RW-data=48 ZI-data=608  
".\sample.axf" - 0 Error(s), 0 Warning(s).

<h2>Software Packages used:</h2>

Package Vendor: ARM
                http://www.keil.com/pack/ARM.CMSIS.5.8.0.pack
                ARM.CMSIS.5.8.0
                CMSIS (Common Microcontroller Software Interface Standard)
   * Component: CORE Version: 5.5.0

Package Vendor: Keil
                http://www.keil.com/pack/Keil.LPC1700_DFP.2.7.0.pack
                Keil.LPC1700_DFP.2.7.0
                NXP LPC1700 Series Device Support, Drivers and Examples for MCB1700 and LPC1788-32

<h2>Collection of Component include folders:</h2>
  .\RTE\_Target_1
  C:\Users\marco\AppData\Local\Arm\Packs\ARM\CMSIS\5.8.0\CMSIS\Core\Include
  C:\Users\marco\AppData\Local\Arm\Packs\Keil\LPC1700_DFP\2.7.0\Device\Include

<h2>Collection of Component Files used:</h2>

   * Component: ARM::CMSIS:CORE:5.5.0
Build Time Elapsed:  00:00:03
</pre>
</body>
</html>
